RAM Allocation [bytes]
Variable                                                                          Address   Size
------------------------------------------------------------------------------------------------

EEPROM Allocation [bytes]
Variable                                                                          Address   Size
------------------------------------------------------------------------------------------------

Register Allocation
Variable                                                                          Register  Size
------------------------------------------------------------------------------------------------

FLASH Allocation [words]
Function                                                          Address   Size
--------------------------------------------------------------------------------
ext_int0_isr                                                      0x00064     19
ext_int1_isr                                                      0x00077     18
main                                                              0x00089    119
